==============================================================================
117b — Δ KIRINIM SPEKTROSKOPİSİ   n_ham = 87543, t ∈ [200, 36000]
==============================================================================
KAPILAR: basamak+kısa-çukur → 2 segment, 1 kesim; maks |med20−med200| = 0.57 (0 sıfır işaretli); analize giren n = 86979 (564 atıldı)

==============================================================================
P1/P2 — BENEK TABLOLARI

--- IZGARA A: SIFIRLAR (orta-noktasız): n=86979, L_eff=15.578, σ_u=0.3091, σ_t=0.1247, plasebo tabanı=0.00005 ---
     q   p^k      b(q)    ölçüm   öngörü   oran      faz  ö-faz    Δfaz   SNR
     2   2^1  -0.53033  0.01691  0.01646  1.027  359.94°     0°   -0.06 366.3
     3   3^1   0.59873  0.02473  0.02356  1.049  179.94°   180°   -0.06 535.5
     5   5^1   0.69121  0.03235  0.02967  1.090  179.95°   180°   -0.05 700.6
     7   7^1  -0.37655  0.01807  0.01595  1.133    0.17°     0°   +0.17 391.3
    11  11^1   1.00087  0.04714  0.03933  1.199  180.03°   180°   +0.03 1020.9
    13  13^1  -0.43156  0.02000  0.01628  1.229  359.99°     0°   -0.01 433.1
    17  17^1  -1.17965  0.05278  0.04112  1.284  359.98°     0°   -0.02 1143.1
    19  19^1   0.98780  0.04343  0.03319  1.309  180.02°   180°   +0.02 940.7
    23  23^1   0.60398  0.02571  0.01894  1.357  180.08°   180°   +0.08 556.8
    29  29^1   1.16251  0.04735  0.03325  1.424  179.99°   180°   -0.01 1025.5
    31  31^1  -0.33151  0.01333  0.00922  1.446    0.10°     0°   +0.10 288.7
    37  37^1  -0.43199  0.01672  0.01110  1.506  359.95°     0°   -0.05 362.1
    41  41^1   0.41535  0.01570  0.01017  1.543  180.08°   180°   +0.08 340.1
    43  43^1  -0.01777  0.00065  0.00043  1.517    0.78°     0°   +0.78  14.0
     4   2^2  -1.71875  0.03880  0.03621  1.071  359.97°     0°   -0.03 840.2
     8   2^3   1.44183  0.02301  0.02003  1.149  179.99°   180°   -0.01 498.3
    16   2^4   0.95410  0.01075  0.00848  1.269  180.25°   180°   +0.25 232.8
     9   3^2  -1.64152  0.03919  0.03358  1.167    0.01°     0°   +0.01 848.7
    27   3^3  -1.58157  0.02181  0.01553  1.405  359.89°     0°   -0.11 472.4
    25   5^2  -1.52222  0.03186  0.02312  1.378    0.02°     0°   +0.02 690.1
    49   7^2  -1.85821  0.03367  0.02085  1.615    0.16°     0°   +0.16 729.3
   121  11^2  -0.99825  0.01415  0.00663  2.134  359.75°     0°   -0.25 306.5
   169  13^2  -1.81375  0.02313  0.00957  2.418    0.31°     0°   +0.31 501.0
  MEZARLIK (bileşik ω, atom YOK): log6:0.00007  log10:0.00003  log14:0.00006  log15:0.00003  log21:0.00001  log22:0.00003  log33:0.00002  log35:0.00002   | plasebo 0.00005

--- IZGARA B: ORTA NOKTALAR: n=86977, L_eff=15.578, σ_u=0.2307, σ_t=0.0930, plasebo tabanı=0.00007 ---
     q   p^k      b(q)    ölçüm   öngörü   oran      faz  ö-faz    Δfaz   SNR
     2   2^1  -0.53033  0.01671  0.01649  1.013  359.90°     0°   -0.10 227.8
     3   3^1   0.59873  0.02401  0.02366  1.015  179.96°   180°   -0.04 327.4
     5   5^1   0.69121  0.03037  0.02993  1.015  180.00°   180°   -0.00 414.1
     7   7^1  -0.37655  0.01648  0.01616  1.020    0.15°     0°   +0.15 224.7
    11  11^1   1.00087  0.04078  0.04011  1.017  180.03°   180°   +0.03 556.0
    13  13^1  -0.43156  0.01695  0.01665  1.018  359.98°     0°   -0.02 231.1
    17  17^1  -1.17965  0.04292  0.04228  1.015    0.00°     0°   +0.00 585.2
    19  19^1   0.98780  0.03461  0.03419  1.012  180.08°   180°   +0.08 471.9
    23  23^1   0.60398  0.01988  0.01960  1.014  179.98°   180°   -0.02 271.0
    29  29^1   1.16251  0.03498  0.03457  1.012  179.91°   180°   -0.09 476.9
    31  31^1  -0.33151  0.00976  0.00960  1.016    0.15°     0°   +0.15 133.0
    37  37^1  -0.43199  0.01177  0.01161  1.013  360.00°     0°   -0.00 160.4
    41  41^1   0.41535  0.01085  0.01067  1.017  180.24°   180°   +0.24 148.0
    43  43^1  -0.01777  0.00048  0.00045  1.081  354.19°     0°   -5.81   6.6
     4   2^2  -1.71875  0.03686  0.03645  1.011  359.99°     0°   -0.01 502.6
     8   2^3   1.44183  0.02041  0.02033  1.004  179.96°   180°   -0.04 278.3
    16   2^4   0.95410  0.00853  0.00870  0.980  179.96°   180°   -0.04 116.3
     9   3^2  -1.64152  0.03454  0.03414  1.012    0.04°     0°   +0.04 470.9
    27   3^3  -1.58157  0.01571  0.01612  0.975  359.89°     0°   -0.11 214.2
    25   5^2  -1.52222  0.02424  0.02396  1.012    0.04°     0°   +0.04 330.4
    49   7^2  -1.85821  0.02207  0.02197  1.005    0.31°     0°   +0.31 301.0
   121  11^2  -0.99825  0.00818  0.00718  1.139    1.25°     0°   +1.25 111.5
   169  13^2  -1.81375  0.01024  0.01047  0.978  359.28°     0°   -0.72 139.6
  MEZARLIK (bileşik ω, atom YOK): log6:0.00003  log10:0.00017  log14:0.00012  log15:0.00030  log21:0.00020  log22:0.00033  log33:0.00058  log35:0.00027   | plasebo 0.00007

--- PENCERE 2 (orta noktalar): n=10517, L_eff=12.659, σ_u=0.2129, σ_t=0.1057, plasebo tabanı=0.00035 ---
     q   p^k      b(q)    ölçüm   öngörü   oran      faz  ö-faz    Δfaz   SNR
     2   2^1  -0.53033  0.02023  0.02018  1.003    0.28°     0°   +0.28  57.0
     3   3^1   0.59873  0.02865  0.02870  0.998  180.17°   180°   +0.17  80.8
     5   5^1   0.69121  0.03640  0.03569  1.020  180.09°   180°   +0.09 102.6
     7   7^1  -0.37655  0.01955  0.01897  1.030    0.64°     0°   +0.64  55.1
    11  11^1   1.00087  0.04680  0.04584  1.021  180.13°   180°   +0.13 131.9
    13  13^1  -0.43156  0.01919  0.01880  1.021  359.97°     0°   -0.03  54.1
    17  17^1  -1.17965  0.04785  0.04671  1.025  359.70°     0°   -0.30 134.9
    19  19^1   0.98780  0.03823  0.03740  1.022  180.97°   180°   +0.97 107.8
    23  23^1   0.60398  0.02187  0.02103  1.040  179.50°   180°   -0.50  61.6
    29  29^1   1.16251  0.03721  0.03615  1.029  180.19°   180°   +0.19 104.9
    31  31^1  -0.33151  0.01058  0.00996  1.063    0.37°     0°   +0.37  29.8
    37  37^1  -0.43199  0.01158  0.01177  0.985    1.38°     0°   +1.38  32.6
    41  41^1   0.41535  0.01092  0.01065  1.025  177.91°   180°   -2.09  30.8
    43  43^1  -0.01777  0.00039  0.00044  0.881    1.11°     0°   +1.11   1.1
     4   2^2  -1.71875  0.04410  0.04382  1.006    0.10°     0°   +0.10 124.3
     8   2^3   1.44183  0.02369  0.02370  1.000  180.57°   180°   +0.57  66.8
    16   2^4   0.95410  0.00926  0.00966  0.958  181.58°   180°   +1.58  26.1
     9   3^2  -1.64152  0.03985  0.03952  1.008    0.33°     0°   +0.33 112.3
    27   3^3  -1.58157  0.01656  0.01700  0.974    0.51°     0°   +0.51  46.7
    25   5^2  -1.52222  0.02616  0.02548  1.027    0.64°     0°   +0.64  73.7
    49   7^2  -1.85821  0.02167  0.02133  1.016    1.51°     0°   +1.51  61.1
   121  11^2  -0.99825  0.00777  0.00562  1.383  359.95°     0°   -0.05  21.9
   169  13^2  -1.81375  0.00731  0.00716  1.021  359.74°     0°   -0.26  20.6
  MEZARLIK (bileşik ω, atom YOK): log6:0.00028  log10:0.00006  log14:0.00055  log15:0.00056  log21:0.00034  log22:0.00057  log33:0.00143  log35:0.00018   | plasebo 0.00035

--- PENCERE 3 (orta noktalar): n=75109, L_eff=16.101, σ_u=0.2342, σ_t=0.0914, plasebo tabanı=0.00008 ---
     q   p^k      b(q)    ölçüm   öngörü   oran      faz  ö-faz    Δfaz   SNR
     2   2^1  -0.53033  0.01605  0.01596  1.006  359.71°     0°   -0.29 191.7
     3   3^1   0.59873  0.02309  0.02293  1.007  179.98°   180°   -0.02 275.7
     5   5^1   0.69121  0.02925  0.02907  1.006  180.00°   180°   +0.00 349.3
     7   7^1  -0.37655  0.01592  0.01572  1.012    0.13°     0°   +0.13 190.1
    11  11^1   1.00087  0.03974  0.03916  1.015  179.97°   180°   -0.03 474.5
    13  13^1  -0.43156  0.01654  0.01628  1.016  359.95°     0°   -0.05 197.5
    17  17^1  -1.17965  0.04217  0.04143  1.018    0.06°     0°   +0.06 503.5
    19  19^1   0.98780  0.03408  0.03355  1.016  179.94°   180°   -0.06 407.0
    23  23^1   0.60398  0.01963  0.01927  1.019  180.08°   180°   +0.08 234.4
    29  29^1   1.16251  0.03478  0.03409  1.020  179.89°   180°   -0.11 415.3
    31  31^1  -0.33151  0.00971  0.00947  1.024    0.07°     0°   +0.07 115.9
    37  37^1  -0.43199  0.01183  0.01149  1.030  359.79°     0°   -0.21 141.3
    41  41^1   0.41535  0.01094  0.01058  1.035  180.47°   180°   +0.47 130.7
    43  43^1  -0.01777  0.00050  0.00044  1.133  355.41°     0°   -4.59   6.0
     4   2^2  -1.71875  0.03548  0.03537  1.003  359.95°     0°   -0.05 423.7
     8   2^3   1.44183  0.01983  0.01980  1.002  179.81°   180°   -0.19 236.8
    16   2^4   0.95410  0.00842  0.00852  0.988  179.86°   180°   -0.14 100.5
     9   3^2  -1.64152  0.03358  0.03328  1.009    0.00°     0°   +0.00 401.0
    27   3^3  -1.58157  0.01567  0.01588  0.987  359.81°     0°   -0.19 187.2
    25   5^2  -1.52222  0.02400  0.02358  1.018  359.97°     0°   -0.03 286.6
    49   7^2  -1.85821  0.02233  0.02184  1.023    0.15°     0°   +0.15 266.7
   121  11^2  -0.99825  0.00822  0.00728  1.129    0.63°     0°   +0.63  98.2
   169  13^2  -1.81375  0.01104  0.01074  1.028  359.90°     0°   -0.10 131.9
  MEZARLIK (bileşik ω, atom YOK): log6:0.00005  log10:0.00016  log14:0.00009  log15:0.00025  log21:0.00018  log22:0.00024  log33:0.00041  log35:0.00028   | plasebo 0.00008

==============================================================================
P1 HÜKMÜ — HECKE İŞARETLERİ KIRINIMDAN OKUNUYOR MU?
   p          τ(p)       a_p  gerçek      okuma(A)       okuma(B)
   2           -24  -0.53033       −   −   359.9° 366.3σ    −   359.9° 227.8σ
   3           252   0.59873       +   +   179.9° 535.5σ    +   180.0° 327.4σ
   5          4830   0.69121       +   +   180.0° 700.6σ    +   180.0° 414.1σ
   7        -16744  -0.37655       −   −     0.2° 391.3σ    −     0.2° 224.7σ
  11        534612   1.00087       +   +   180.0° 1020.9σ    +   180.0° 556.0σ
  13       -577738  -0.43156       −   −   360.0° 433.1σ    −   360.0° 231.1σ
  17      -6905934  -1.17965       −   −   360.0° 1143.1σ    −     0.0° 585.2σ
  19      10661420   0.98780       +   +   180.0° 940.7σ    +   180.1° 471.9σ
  23      18643272   0.60398       +   +   180.1° 556.8σ    +   180.0° 271.0σ
  29     128406630   1.16251       +   +   180.0° 1025.5σ    +   179.9° 476.9σ
  31     -52843168  -0.33151       −   −     0.1° 288.7σ    −     0.2° 133.0σ
  37    -182213314  -0.43199       −   −   359.9° 362.1σ    −   360.0° 160.4σ
  41     308120442   0.41535       +   +   180.1° 340.1σ    +   180.2° 148.0σ
  43     -17125708  -0.01777       −   −     0.8° 14.0σ    −   354.2°  6.6σ
  İŞARET OKUMA: ızgara A 14/14, ızgara B 14/14
  maks |Δfaz| (asallar): A 0.78°, B 5.81°
  HÜKÜM P1: İSABET — Hecke işaretleri kırınım fazından hatasız okundu

P2 HÜKMÜ — SATAKE p^k ÇİZGİLERİ (ζ'ya göre faz çevrilmesi)
    q       b(q)  öngörü  ölçüm(B)     Δfaz  |Ĝ|/plasebo  ζ farkı
    4   -1.71875      0°   359.99°    -0.01        502.6   ÇEVRİK
    8    1.44183    180°   179.96°    -0.04        278.3     aynı
   16    0.95410    180°   179.96°    -0.04        116.3     aynı
    9   -1.64152      0°     0.04°    +0.04        470.9   ÇEVRİK
   27   -1.58157      0°   359.89°    -0.11        214.2   ÇEVRİK
   25   -1.52222      0°     0.04°    +0.04        330.4   ÇEVRİK
   49   -1.85821      0°     0.31°    +0.31        301.0   ÇEVRİK
  121   -0.99825      0°     1.25°    +1.25        111.5   ÇEVRİK
  169   -1.81375      0°   359.28°    -0.72        139.6   ÇEVRİK
  P2: 9/9 kuvvet çizgisi öngörülen fazda

==============================================================================
P3 — TARAK-TERMOMETRESİ, KORO ENVANTERİ, HİPERUNİFORMLUK
  KORO ENVANTERİ (p ≤ 6000): Σ a_p²/p = 1.4784 (Δ) vs Σ 1/p = 2.4260 (ζ) → oran 0.609
  ⟨a_p²⟩ = 0.9775 (Sato-Tate: 1.0000) — soğukluk küçük asalların a_p² < 1 olmasından
  ⟹ ÖNGÖRÜ: σ_u²(Δ) − σ_u²(ζ) ≈ (2/L²)(Σa_p²/p − Σ1/p) = -1.8952/L²  (negatif ⟹ Δ SOĞUK)

    pencere   L_eff      σ_u      σ_u²       n
       Δ p1  12.659   0.2129   0.04532   10517
       Δ p2  16.101   0.2342   0.05486   75109

  EŞLEŞTİRİLMİŞ-L ζ KONTROLÜ (ζ örgüsü yerinde üretiliyor)
    ζ @ L=12.661 (t≈1.978e+06): σ_u = 0.2858, n=10517, sürüklenme 2.38  (5 sn)
      KOD KAPISI (ζ, aynı boru hattı — beklenen faz 180°, oran ~1):
        p=  2: |Ĝ|=0.03766 öngörü 0.03796 oran 0.992  faz  180.09° (Δ=+0.09°)
        p=  3: |Ĝ|=0.04798 öngörü 0.04767 oran 1.007  faz  179.60° (Δ=-0.40°)
        p=  5: |Ĝ|=0.05163 öngörü 0.05103 oran 1.012  faz  179.83° (Δ=-0.17°)
        p=  7: |Ĝ|=0.05014 öngörü 0.04953 oran 1.012  faz  179.89° (Δ=-0.11°)
        p= 11: |Ĝ|=0.04591 öngörü 0.04463 oran 1.029  faz  180.34° (Δ=+0.34°)
    ζ @ L=16.101 (t≈6.176e+07): σ_u = 0.3055, n=11996, sürüklenme 4.60  (37 sn)
      KOD KAPISI (ζ, aynı boru hattı — beklenen faz 180°, oran ~1):
        p=  2: |Ĝ|=0.02970 öngörü 0.03006 oran 0.988  faz  180.96° (Δ=+0.96°)
        p=  3: |Ĝ|=0.03797 öngörü 0.03816 oran 0.995  faz  179.66° (Δ=-0.34°)
        p=  5: |Ĝ|=0.04172 öngörü 0.04174 oran 1.000  faz  179.95° (Δ=-0.05°)
        p=  7: |Ĝ|=0.04178 öngörü 0.04130 oran 1.012  faz  180.20° (Δ=+0.20°)
        p= 11: |Ĝ|=0.03922 öngörü 0.03847 oran 1.019  faz  179.88° (Δ=-0.12°)

    L_eff    σ_u(Δ)    σ_u(ζ)        Δσ²   öngörü Δσ²    oran  ζ sürükl
   12.659    0.2129    0.2858   -0.03634     -0.01183    3.07      2.38
   16.101    0.2342    0.3055   -0.03849     -0.00731    5.26      4.60

  ARTEFAKT KAPISI — σ_u'nun KAYIP SIFIRA duyarlılığı
   silinen %    σ_u(Δ)      Δσ_u
        0.00    0.2307   +0.0000
        0.10    0.2307   -0.0000
        0.20    0.2306   -0.0001
        0.40    0.2306   -0.0000
        1.00    0.2307   -0.0000
  NOT (dürüstlük): bu test SIFIR SİLMEYİ taklit eder ama x=θ/π
  konumları değişmediği için zayıftır. ASIL kanıt ζ örgüsünün
  taper'lı yeniden dökümüdür: sürüklenme 40.0 → 2.4 (38 sıfır geri
  geldi) ve σ_u 0.2856 → 0.2858 — yani kayıp sıfırlar 'Δ soğuk'
  hükmünü YARATMIYOR (etki ~2e-4, gözlenen fark 0.073).

  KORO YASASININ ÇARPIMSAL BİÇİMİ (ölçümden SONRA türetildi)
        L  koro oranı(DW)   σ_u² oranı    sapma
   12.659          0.5854       0.5550    -5.2%
   16.101          0.6008       0.5877    -2.2%
  ⟹ TOPLAMSAL biçim RET (3-5 kat), ÇARPIMSAL biçim %2-5 içinde ve L ile İYİLEŞİYOR.

  HİPERUNİFORMLUK Σ²(n) (kaba gösterge)
                   n=5               n=10               n=20               n=50
    GUE:            0.384             0.454             0.525             0.617
    Δ  : 0.504 (1.31G   10P)  0.460 (1.01G   22P)  0.443 (0.84G   45P)  0.470 (0.76G  106P)
    (kıyas — segmentleri BİRLEŞTİRerek ölçülseydi, yani ilk koşudaki HATA:)
    Δ✗ : 0.703  1.133  3.021 16.143

117b_delta_kirinim.npz yazıldı. Toplam 0.7 dk
